Vivado Simulator v2026.1
Copyright 1986-2022 Xilinx, Inc. All Rights Reserved.
Copyright 2022-2026 Advanced Micro Devices, Inc. All Rights Reserved.
Running: C:/AMDDesignTools/2026.1/Vivado/bin/unwrapped/win64.o/xelab.exe --incr --debug typical --relax --mt 2 -L xil_defaultlib -L unisims_ver -L unimacro_ver -L secureip --snapshot tb_cpu_behav xil_defaultlib.tb_cpu xil_defaultlib.glbl -log elaborate.log 
INFO: [XSIM 43-3493] Using 2 slave threads.
Starting static elaboration
Pass Through NonSizing Optimizer
Completed static elaboration
Starting simulation data flow analysis
Completed simulation data flow analysis
Time Resolution for simulation is 1ps
Compiling module xil_defaultlib.machine
Compiling module xil_defaultlib.dec2to4
Compiling module xil_defaultlib.decod
Compiling module xil_defaultlib.RSU
Compiling module xil_defaultlib.ALU
Compiling module xil_defaultlib.sseg
Compiling module xil_defaultlib.CPU
Compiling module xil_defaultlib.tb_cpu
Compiling module xil_defaultlib.glbl
Built simulation snapshot tb_cpu_behav
